▲ Next.js 16.1.6
- Local:         http://127.0.0.1:3158
- Network:       http://127.0.0.1:3158

✓ Starting...
✓ Ready in 158ms
⨯ Error: Fixture technical error
    at H (.next/server/chunks/401.js:1:58751) {
  status: 500,
  retryAfterSeconds: null,
  code: null,
  details: null,
  conflict: null,
  digest: '3869518733'
}
⨯ TypeError: fetch failed
    at async H (.next/server/chunks/401.js:1:58667) {
  digest: '2187168081',
  [cause]: Error [SocketError]: other side closed
      at ignore-listed frames {
    code: 'UND_ERR_SOCKET',
    socket: {
      localAddress: '127.0.0.1',
      localPort: 54610,
      remoteAddress: '127.0.0.1',
      remotePort: 3159,
      remoteFamily: 'IPv4',
      timeout: undefined,
      bytesWritten: 744,
      bytesRead: 1005
    }
  }
}
