PASS fixture-rejects-nonGET
PASS production-valid-metadata-and-request-count
PASS production404-1abc
PASS production404-1.5
PASS production404-0
PASS production404--1
PASS production404-9007199254740992
PASS production404-999999999
PASS production-technical-error-500
PASS production-technical-error-501
PASS geometry-colors-focus-slider-360
PASS geometry-colors-focus-slider-390
PASS geometry-colors-focus-slider-767
PASS geometry-colors-focus-slider-768
PASS geometry-colors-focus-slider-1440
PASS anonymous-initial-and-lazy-request-budget
PASS empty-series
PASS authoritative-visible-primary-secondary-pretty-and-numeric
PASS session-none
PASS session-access
PASS session-refresh
PASS session-expired
PASS expired-refresh-denied
PASS session-login-account-change-logout-after-mount
PASS watchlist-unknown-retry-custom-action-401
PASS watchlist-unknown-retry-custom-action-500
PASS watchlist-unknown-retry-custom-action-network
PASS contributions-loading-error-retry-empty-401
PASS contributions-loading-error-retry-empty-500
PASS contributions-loading-error-retry-empty-network
PASS comment-error-401
PASS comment-error-500
PASS comment-error-network
{"passed":true,"checks":33,"failed":[]}
