=== RUN   TestReleaseStreamIdentityExplicitSourceAndLegacyCollision
--- PASS: TestReleaseStreamIdentityExplicitSourceAndLegacyCollision (0.12s)
PASS
ok      team4s.v3/backend/internal/repository   0.186s
=== RUN   TestReleaseStreamIdentityCanonicalGrantAndSource
--- PASS: TestReleaseStreamIdentityCanonicalGrantAndSource (0.06s)
=== RUN   TestReleaseStreamIdentityStrictSelectorsAndUnauthenticated
--- PASS: TestReleaseStreamIdentityStrictSelectorsAndUnauthenticated (0.00s)
=== RUN   TestReleaseStreamIdentityLegacyWithoutSelector
--- PASS: TestReleaseStreamIdentityLegacyWithoutSelector (0.07s)
=== RUN   TestAuthorizeReleaseStreamRequiresGrantAndEffectiveEntitlement
=== RUN   TestAuthorizeReleaseStreamRequiresGrantAndEffectiveEntitlement/missing_grant
=== RUN   TestAuthorizeReleaseStreamRequiresGrantAndEffectiveEntitlement/tampered_grant
=== RUN   TestAuthorizeReleaseStreamRequiresGrantAndEffectiveEntitlement/revoked_entitlement
--- PASS: TestAuthorizeReleaseStreamRequiresGrantAndEffectiveEntitlement (0.00s)
    --- PASS: TestAuthorizeReleaseStreamRequiresGrantAndEffectiveEntitlement/missing_grant (0.00s)
    --- PASS: TestAuthorizeReleaseStreamRequiresGrantAndEffectiveEntitlement/tampered_grant (0.00s)
    --- PASS: TestAuthorizeReleaseStreamRequiresGrantAndEffectiveEntitlement/revoked_entitlement (0.00s)
=== RUN   TestAuthorizeReleaseStreamAllowsValidEntitledGrant
--- PASS: TestAuthorizeReleaseStreamAllowsValidEntitledGrant (0.00s)
PASS
ok      team4s.v3/backend/internal/handlers 0.149s
