--- FAIL: TestReleaseStreamIdentityExplicitSourceAndLegacyCollision (0.08s)
    episode_version_stream_identity_test.go:19:
            Error Trace:    /app/tmp/phase15902/backend/internal/repository/episode_version_stream_identity_test.go:19
            Error:          Should be true
            Test:           TestReleaseStreamIdentityExplicitSourceAndLegacyCollision
            Messages:       existing resolver must accept an explicit optional variant selector
FAIL
FAIL    team4s.v3/backend/internal/repository   0.105s
--- FAIL: TestReleaseStreamIdentityCanonicalGrantAndSource (0.06s)
    episode_version_stream_identity_test.go:72:
            Error Trace:    /app/tmp/phase15902/backend/internal/handlers/episode_version_stream_identity_test.go:72
            Error:          Not equal:
                            expected: []string{"https://fixture.invalid/own?startTimeTicks=500"}
                            actual  : []string{"https://fixture.invalid/foreign?startTimeTicks=500"}

                            Diff:
                            --- Expected
                            +++ Actual
                            @@ -1,3 +1,3 @@
                             ([]string) (len=1) {
                            - (string) (len=46) "https://fixture.invalid/own?startTimeTicks=500"
                            + (string) (len=50) "https://fixture.invalid/foreign?startTimeTicks=500"
                             }
            Test:           TestReleaseStreamIdentityCanonicalGrantAndSource
--- FAIL: TestReleaseStreamIdentityStrictSelectorsAndUnauthenticated (0.00s)
    episode_version_stream_identity_test.go:94:
            Error Trace:    /app/tmp/phase15902/backend/internal/handlers/episode_version_stream_identity_test.go:94
            Error:          Not equal:
                            expected: 400
                            actual  : 503
            Test:           TestReleaseStreamIdentityStrictSelectorsAndUnauthenticated
            Messages:       selector "" grant=true: {"error":{"message":"wiedergaberechte vorübergehend nicht verfügbar"}}
FAIL
FAIL    team4s.v3/backend/internal/handlers 0.068s
FAIL
