=== RUN   TestEpisodeVersionPublicInvalidOptions
=== RUN   TestEpisodeVersionPublicInvalidOptions/projection=unknown
=== RUN   TestEpisodeVersionPublicInvalidOptions/projection=public&limit=1&limit=2
=== RUN   TestEpisodeVersionPublicInvalidOptions/projection=public&cursor=&cursor=invalid
=== RUN   TestEpisodeVersionPublicInvalidOptions/projection=public&limit=0
=== RUN   TestEpisodeVersionPublicInvalidOptions/projection=public&limit=-1
=== RUN   TestEpisodeVersionPublicInvalidOptions/projection=public&limit=101
=== RUN   TestEpisodeVersionPublicInvalidOptions/projection=public&limit=1abc
=== RUN   TestEpisodeVersionPublicInvalidOptions/projection=public&limit=1.5
=== RUN   TestEpisodeVersionPublicInvalidOptions/projection=public&limit=
=== RUN   TestEpisodeVersionPublicInvalidOptions/projection=public&limit=999999999999999999999999
=== RUN   TestEpisodeVersionPublicInvalidOptions/limit=24
=== RUN   TestEpisodeVersionPublicInvalidOptions/cursor=anything
=== RUN   TestEpisodeVersionPublicInvalidOptions/projection=public&includeVersions=false
=== RUN   TestEpisodeVersionPublicInvalidOptions/projection=public&includeFansubs=false
=== RUN   TestEpisodeVersionPublicInvalidOptions/projection=public&includeFansubs=TRUE
=== RUN   TestEpisodeVersionPublicInvalidOptions/projection=public&cursor=invalid
=== RUN   TestEpisodeVersionPublicInvalidOptions/projection=public&cursor=%ZZ
=== RUN   TestEpisodeVersionPublicInvalidOptions/projection=public&limit=%ZZ
=== RUN   TestEpisodeVersionPublicInvalidOptions/projection=%ZZ
=== RUN   TestEpisodeVersionPublicInvalidOptions/projection=public&%63ursor=%ZZ
=== RUN   TestEpisodeVersionPublicInvalidOptions/projection=public&%6cimit=%ZZ
=== RUN   TestEpisodeVersionPublicInvalidOptions/%70rojection=%ZZ
=== RUN   TestEpisodeVersionPublicInvalidOptions/projection=public&projection=%ZZ
=== RUN   TestEpisodeVersionPublicInvalidOptions/projection=public&limit=24&limit=%ZZ
=== RUN   TestEpisodeVersionPublicInvalidOptions/projection=public&cursor=&cursor=%ZZ
=== RUN   TestEpisodeVersionPublicInvalidOptions/projection=public&cursor=x;y
=== RUN   TestEpisodeVersionPublicInvalidOptions/projection=public&includeVersions=%ZZ
=== RUN   TestEpisodeVersionPublicInvalidOptions/projection=public&includeFansubs=%ZZ
=== RUN   TestEpisodeVersionPublicInvalidOptions/limit=%ZZ
=== RUN   TestEpisodeVersionPublicInvalidOptions/cursor=%ZZ
=== RUN   TestEpisodeVersionPublicInvalidOptions/projection=public&%69ncludeFansubs=%ZZ
=== RUN   TestEpisodeVersionPublicInvalidOptions/projection=public&cursor=eyJ2IjoyLCJhIjoxLCJuIjoxLCJlIjoxMSwiaSI6MTAwfQ
=== RUN   TestEpisodeVersionPublicInvalidOptions/projection=public&cursor=eyJ2IjoxLCJhIjoyLCJuIjoxLCJlIjoxMSwiaSI6MTAwfQ
=== RUN   TestEpisodeVersionPublicInvalidOptions/projection=public&cursor=eyJ2IjoxLCJhIjoxLCJuIjowLCJlIjoxMSwiaSI6MTAwfQ
=== RUN   TestEpisodeVersionPublicInvalidOptions/projection=public&cursor=eyJ2IjoxLCJhIjoxLCJuIjoxLCJlIjowLCJpIjoxMDB9
=== RUN   TestEpisodeVersionPublicInvalidOptions/projection=public&cursor=eyJ2IjoxLCJhIjoxLCJuIjoxLCJlIjoxMSwiaSI6LTF9
=== RUN   TestEpisodeVersionPublicInvalidOptions/projection=public&cursor=eyJ2IjoxLCJhIjoxLCJuIjoxLCJlIjoxMX0
=== RUN   TestEpisodeVersionPublicInvalidOptions/projection=public&cursor=eyJ2IjoxLCJhIjoxLCJuIjoxLCJlIjoxMSwiaSI6MTAwLCJ4IjowfQ
=== RUN   TestEpisodeVersionPublicInvalidOptions/projection=public&cursor=eyJ2IjoxLCJhIjoxLCJuIjoxLCJlIjoxMSwiaSI6MTAwfSB7fQ
=== RUN   TestEpisodeVersionPublicInvalidOptions/projection=public&cursor=WzEsMSwxLDExLDBd
=== RUN   TestEpisodeVersionPublicInvalidOptions/projection=public&cursor=WzIsMSwxLDExLDEwMF0
=== RUN   TestEpisodeVersionPublicInvalidOptions/projection=public&cursor=WzEsMiwxLDExLDEwMF0
=== RUN   TestEpisodeVersionPublicInvalidOptions/projection=public&cursor=WzEsMSwtMSwxMSwxMDBd
=== RUN   TestEpisodeVersionPublicInvalidOptions/projection=public&cursor=WzEsMSwxLDAsMTAwXQ
=== RUN   TestEpisodeVersionPublicInvalidOptions/projection=public&cursor=WzEsMSwxLDExLC0xXQ
=== RUN   TestEpisodeVersionPublicInvalidOptions/projection=public&cursor=WzEsMSwxLDExLDEwMCw5OV0
--- PASS: TestEpisodeVersionPublicInvalidOptions (0.00s)
    --- PASS: TestEpisodeVersionPublicInvalidOptions/projection=unknown (0.00s)
    --- PASS: TestEpisodeVersionPublicInvalidOptions/projection=public&limit=1&limit=2 (0.00s)
    --- PASS: TestEpisodeVersionPublicInvalidOptions/projection=public&cursor=&cursor=invalid (0.00s)
    --- PASS: TestEpisodeVersionPublicInvalidOptions/projection=public&limit=0 (0.00s)
    --- PASS: TestEpisodeVersionPublicInvalidOptions/projection=public&limit=-1 (0.00s)
    --- PASS: TestEpisodeVersionPublicInvalidOptions/projection=public&limit=101 (0.00s)
    --- PASS: TestEpisodeVersionPublicInvalidOptions/projection=public&limit=1abc (0.00s)
    --- PASS: TestEpisodeVersionPublicInvalidOptions/projection=public&limit=1.5 (0.00s)
    --- PASS: TestEpisodeVersionPublicInvalidOptions/projection=public&limit= (0.00s)
    --- PASS: TestEpisodeVersionPublicInvalidOptions/projection=public&limit=999999999999999999999999 (0.00s)
    --- PASS: TestEpisodeVersionPublicInvalidOptions/limit=24 (0.00s)
    --- PASS: TestEpisodeVersionPublicInvalidOptions/cursor=anything (0.00s)
    --- PASS: TestEpisodeVersionPublicInvalidOptions/projection=public&includeVersions=false (0.00s)
    --- PASS: TestEpisodeVersionPublicInvalidOptions/projection=public&includeFansubs=false (0.00s)
    --- PASS: TestEpisodeVersionPublicInvalidOptions/projection=public&includeFansubs=TRUE (0.00s)
    --- PASS: TestEpisodeVersionPublicInvalidOptions/projection=public&cursor=invalid (0.00s)
    --- PASS: TestEpisodeVersionPublicInvalidOptions/projection=public&cursor=%ZZ (0.00s)
    --- PASS: TestEpisodeVersionPublicInvalidOptions/projection=public&limit=%ZZ (0.00s)
    --- PASS: TestEpisodeVersionPublicInvalidOptions/projection=%ZZ (0.00s)
    --- PASS: TestEpisodeVersionPublicInvalidOptions/projection=public&%63ursor=%ZZ (0.00s)
    --- PASS: TestEpisodeVersionPublicInvalidOptions/projection=public&%6cimit=%ZZ (0.00s)
    --- PASS: TestEpisodeVersionPublicInvalidOptions/%70rojection=%ZZ (0.00s)
    --- PASS: TestEpisodeVersionPublicInvalidOptions/projection=public&projection=%ZZ (0.00s)
    --- PASS: TestEpisodeVersionPublicInvalidOptions/projection=public&limit=24&limit=%ZZ (0.00s)
    --- PASS: TestEpisodeVersionPublicInvalidOptions/projection=public&cursor=&cursor=%ZZ (0.00s)
    --- PASS: TestEpisodeVersionPublicInvalidOptions/projection=public&cursor=x;y (0.00s)
    --- PASS: TestEpisodeVersionPublicInvalidOptions/projection=public&includeVersions=%ZZ (0.00s)
    --- PASS: TestEpisodeVersionPublicInvalidOptions/projection=public&includeFansubs=%ZZ (0.00s)
    --- PASS: TestEpisodeVersionPublicInvalidOptions/limit=%ZZ (0.00s)
    --- PASS: TestEpisodeVersionPublicInvalidOptions/cursor=%ZZ (0.00s)
    --- PASS: TestEpisodeVersionPublicInvalidOptions/projection=public&%69ncludeFansubs=%ZZ (0.00s)
    --- PASS: TestEpisodeVersionPublicInvalidOptions/projection=public&cursor=eyJ2IjoyLCJhIjoxLCJuIjoxLCJlIjoxMSwiaSI6MTAwfQ (0.00s)
    --- PASS: TestEpisodeVersionPublicInvalidOptions/projection=public&cursor=eyJ2IjoxLCJhIjoyLCJuIjoxLCJlIjoxMSwiaSI6MTAwfQ (0.00s)
    --- PASS: TestEpisodeVersionPublicInvalidOptions/projection=public&cursor=eyJ2IjoxLCJhIjoxLCJuIjowLCJlIjoxMSwiaSI6MTAwfQ (0.00s)
    --- PASS: TestEpisodeVersionPublicInvalidOptions/projection=public&cursor=eyJ2IjoxLCJhIjoxLCJuIjoxLCJlIjowLCJpIjoxMDB9 (0.00s)
    --- PASS: TestEpisodeVersionPublicInvalidOptions/projection=public&cursor=eyJ2IjoxLCJhIjoxLCJuIjoxLCJlIjoxMSwiaSI6LTF9 (0.00s)
    --- PASS: TestEpisodeVersionPublicInvalidOptions/projection=public&cursor=eyJ2IjoxLCJhIjoxLCJuIjoxLCJlIjoxMX0 (0.00s)
    --- PASS: TestEpisodeVersionPublicInvalidOptions/projection=public&cursor=eyJ2IjoxLCJhIjoxLCJuIjoxLCJlIjoxMSwiaSI6MTAwLCJ4IjowfQ (0.00s)
    --- PASS: TestEpisodeVersionPublicInvalidOptions/projection=public&cursor=eyJ2IjoxLCJhIjoxLCJuIjoxLCJlIjoxMSwiaSI6MTAwfSB7fQ (0.00s)
    --- PASS: TestEpisodeVersionPublicInvalidOptions/projection=public&cursor=WzEsMSwxLDExLDBd (0.00s)
    --- PASS: TestEpisodeVersionPublicInvalidOptions/projection=public&cursor=WzIsMSwxLDExLDEwMF0 (0.00s)
    --- PASS: TestEpisodeVersionPublicInvalidOptions/projection=public&cursor=WzEsMiwxLDExLDEwMF0 (0.00s)
    --- PASS: TestEpisodeVersionPublicInvalidOptions/projection=public&cursor=WzEsMSwtMSwxMSwxMDBd (0.00s)
    --- PASS: TestEpisodeVersionPublicInvalidOptions/projection=public&cursor=WzEsMSwxLDAsMTAwXQ (0.00s)
    --- PASS: TestEpisodeVersionPublicInvalidOptions/projection=public&cursor=WzEsMSwxLDExLC0xXQ (0.00s)
    --- PASS: TestEpisodeVersionPublicInvalidOptions/projection=public&cursor=WzEsMSwxLDExLDEwMCw5OV0 (0.00s)
=== RUN   TestReleaseStreamIdentityCanonicalGrantAndSource
    episode_version_stream_identity_test.go:86: TEAM4S_PHASE117_TEST_DSN is not set; skipping PostgreSQL integration test
--- SKIP: TestReleaseStreamIdentityCanonicalGrantAndSource (0.00s)
=== RUN   TestReleaseStreamIdentityStrictSelectorsAndUnauthenticated
--- PASS: TestReleaseStreamIdentityStrictSelectorsAndUnauthenticated (0.00s)
=== RUN   TestReleaseStreamIdentityLegacyWithoutSelector
    episode_version_stream_identity_test.go:153: TEAM4S_PHASE117_TEST_DSN is not set; skipping PostgreSQL integration test
--- SKIP: TestReleaseStreamIdentityLegacyWithoutSelector (0.00s)
PASS
ok  	team4s.v3/backend/internal/handlers	0.025s
