PASS fixture-rejects-nonGET
PASS production-valid-metadata-and-request-count
PASS production404-1abc
PASS production404-1.5
PASS production404-0
PASS production404--1
PASS production404-9007199254740992
PASS production404-999999999
PASS production-technical-error-500
PASS production-technical-error-501
PASS geometry-colors-focus-slider-360
PASS geometry-colors-focus-slider-390
PASS geometry-colors-focus-slider-767
PASS geometry-colors-focus-slider-768
PASS geometry-colors-focus-slider-1440
PASS anonymous-initial-and-lazy-request-budget
PASS empty-series
PASS authoritative-visible-primary-secondary-pretty-and-numeric
PASS session-none
PASS session-access
PASS session-refresh
PASS session-expired
PASS expired-refresh-denied
PASS session-login-account-change-logout-after-mount
PASS watchlist-unknown-retry-custom-action-401
PASS watchlist-unknown-retry-custom-action-500
PASS watchlist-unknown-retry-custom-action-network
PASS contributions-loading-error-retry-empty-401
PASS contributions-loading-error-retry-empty-500
PASS contributions-loading-error-retry-empty-network
PASS comment-error-401
PASS comment-error-500
PASS comment-error-network
PASS 159-storage-native-two-tabs-reload-clear-invalid-removed
PASS 159-storage-blocked-read
PASS 159-storage-blocked-write
PASS 159-public-125-variants-neutral-same-number-retry-counts
PASS 159-neutral-only-and-invalid-foreign-cursor-http
FAIL 159-grid-three-pages-first-slow-click-hover-focus-touch-retry The expression evaluated to a falsy value:

  assert(page.url().includes('/anime/23?'))

PASS 159-abort-old-grid-and-public-context
PASS 159-manifest-SPA-TTL-focus-sharing-retry
PASS 159-manifest-retention-more-than20-SPA-acquires
PASS 159-production-media-original-display-animations-headers
FAIL 159-media-provider-390-dpr1 page.goto: Timeout 30000ms exceeded.
Call log:
  - navigating to "http://127.0.0.1:3158/anime/100", waiting until "networkidle"

FAIL 159-media-cover-390-dpr1 page.goto: Timeout 30000ms exceeded.
Call log:
  - navigating to "http://127.0.0.1:3158/anime/101", waiting until "networkidle"

FAIL 159-media-local-390-dpr1 page.goto: Timeout 30000ms exceeded.
Call log:
  - navigating to "http://127.0.0.1:3158/anime/102", waiting until "networkidle"

FAIL 159-media-private-api-file-390-dpr1 page.goto: Timeout 30000ms exceeded.
Call log:
  - navigating to "http://127.0.0.1:3158/anime/103", waiting until "networkidle"

FAIL 159-media-gif-390-dpr1 browserContext.close: Target page, context or browser has been closed
FAIL 159-media-apng-390-dpr1 browser.newContext: Target page, context or browser has been closed
FAIL 159-media-webp-390-dpr1 browser.newContext: Target page, context or browser has been closed
FAIL 159-media-avif-390-dpr1 browser.newContext: Target page, context or browser has been closed
FAIL 159-media-missing-cover-390-dpr1 browser.newContext: Target page, context or browser has been closed
FAIL 159-media-provider-404-390-dpr1 browser.newContext: Target page, context or browser has been closed
FAIL 159-media-provider-500-390-dpr1 browser.newContext: Target page, context or browser has been closed
FAIL 159-media-local-404-390-dpr1 browser.newContext: Target page, context or browser has been closed
FAIL 159-media-provider-390-dpr2 browser.newContext: Target page, context or browser has been closed
FAIL 159-media-cover-390-dpr2 browser.newContext: Target page, context or browser has been closed
FAIL 159-media-local-390-dpr2 browser.newContext: Target page, context or browser has been closed
FAIL 159-media-private-api-file-390-dpr2 browser.newContext: Target page, context or browser has been closed
FAIL 159-media-gif-390-dpr2 browser.newContext: Target page, context or browser has been closed
FAIL 159-media-apng-390-dpr2 browser.newContext: Target page, context or browser has been closed
FAIL 159-media-webp-390-dpr2 browser.newContext: Target page, context or browser has been closed
FAIL 159-media-avif-390-dpr2 browser.newContext: Target page, context or browser has been closed
FAIL 159-media-missing-cover-390-dpr2 browser.newContext: Target page, context or browser has been closed
FAIL 159-media-provider-404-390-dpr2 browser.newContext: Target page, context or browser has been closed
FAIL 159-media-provider-500-390-dpr2 browser.newContext: Target page, context or browser has been closed
FAIL 159-media-local-404-390-dpr2 browser.newContext: Target page, context or browser has been closed
FAIL 159-media-provider-1440-dpr1 browser.newContext: Target page, context or browser has been closed
FAIL 159-media-cover-1440-dpr1 browser.newContext: Target page, context or browser has been closed
FAIL 159-media-local-1440-dpr1 browser.newContext: Target page, context or browser has been closed
FAIL 159-media-private-api-file-1440-dpr1 browser.newContext: Target page, context or browser has been closed
FAIL 159-media-gif-1440-dpr1 browser.newContext: Target page, context or browser has been closed
FAIL 159-media-apng-1440-dpr1 browser.newContext: Target page, context or browser has been closed
FAIL 159-media-webp-1440-dpr1 browser.newContext: Target page, context or browser has been closed
FAIL 159-media-avif-1440-dpr1 browser.newContext: Target page, context or browser has been closed
FAIL 159-media-missing-cover-1440-dpr1 browser.newContext: Target page, context or browser has been closed
FAIL 159-media-provider-404-1440-dpr1 browser.newContext: Target page, context or browser has been closed
FAIL 159-media-provider-500-1440-dpr1 browser.newContext: Target page, context or browser has been closed
FAIL 159-media-local-404-1440-dpr1 browser.newContext: Target page, context or browser has been closed
FAIL 159-media-provider-1440-dpr2 browser.newContext: Target page, context or browser has been closed
FAIL 159-media-cover-1440-dpr2 browser.newContext: Target page, context or browser has been closed
FAIL 159-media-local-1440-dpr2 browser.newContext: Target page, context or browser has been closed
FAIL 159-media-private-api-file-1440-dpr2 browser.newContext: Target page, context or browser has been closed
FAIL 159-media-gif-1440-dpr2 browser.newContext: Target page, context or browser has been closed
FAIL 159-media-apng-1440-dpr2 browser.newContext: Target page, context or browser has been closed
FAIL 159-media-webp-1440-dpr2 browser.newContext: Target page, context or browser has been closed
FAIL 159-media-avif-1440-dpr2 browser.newContext: Target page, context or browser has been closed
FAIL 159-media-missing-cover-1440-dpr2 browser.newContext: Target page, context or browser has been closed
FAIL 159-media-provider-404-1440-dpr2 browser.newContext: Target page, context or browser has been closed
FAIL 159-media-provider-500-1440-dpr2 browser.newContext: Target page, context or browser has been closed
FAIL 159-media-local-404-1440-dpr2 browser.newContext: Target page, context or browser has been closed
{"passed":false,"checks":91,"failed":["159-grid-three-pages-first-slow-click-hover-focus-touch-retry","159-media-provider-390-dpr1","159-media-cover-390-dpr1","159-media-local-390-dpr1","159-media-private-api-file-390-dpr1","159-media-gif-390-dpr1","159-media-apng-390-dpr1","159-media-webp-390-dpr1","159-media-avif-390-dpr1","159-media-missing-cover-390-dpr1","159-media-provider-404-390-dpr1","159-media-provider-500-390-dpr1","159-media-local-404-390-dpr1","159-media-provider-390-dpr2","159-media-cover-390-dpr2","159-media-local-390-dpr2","159-media-private-api-file-390-dpr2","159-media-gif-390-dpr2","159-media-apng-390-dpr2","159-media-webp-390-dpr2","159-media-avif-390-dpr2","159-media-missing-cover-390-dpr2","159-media-provider-404-390-dpr2","159-media-provider-500-390-dpr2","159-media-local-404-390-dpr2","159-media-provider-1440-dpr1","159-media-cover-1440-dpr1","159-media-local-1440-dpr1","159-media-private-api-file-1440-dpr1","159-media-gif-1440-dpr1","159-media-apng-1440-dpr1","159-media-webp-1440-dpr1","159-media-avif-1440-dpr1","159-media-missing-cover-1440-dpr1","159-media-provider-404-1440-dpr1","159-media-provider-500-1440-dpr1","159-media-local-404-1440-dpr1","159-media-provider-1440-dpr2","159-media-cover-1440-dpr2","159-media-local-1440-dpr2","159-media-private-api-file-1440-dpr2","159-media-gif-1440-dpr2","159-media-apng-1440-dpr2","159-media-webp-1440-dpr2","159-media-avif-1440-dpr2","159-media-missing-cover-1440-dpr2","159-media-provider-404-1440-dpr2","159-media-provider-500-1440-dpr2","159-media-local-404-1440-dpr2"]}
